// Jest Snapshot v1, https://goo.gl/fbAQLP

exports[`ShipLog Component renders correctly 1`] = `
<div>
  <section
    class="mt-20 bg-gray-50 py-16 text-gray-800 dark:bg-gray-950 dark:text-white md:mt-32"
    id="shiplog"
  >
    <div
      class="container mx-auto px-4"
    >
      <h2
        class="mb-12 text-center text-3xl font-bold"
      >
        Professional Journey
      </h2>
      <div
        animate="hidden"
        class="flex flex-col items-center justify-center py-16"
        data-testid="motion-div"
        initial="hidden"
        variants="[object Object]"
      >
        <div
          class="max-w-md rounded-xl bg-white/50 p-8 text-center shadow-sm ring-1 ring-black/5 backdrop-blur-sm dark:bg-slate-900/50 dark:ring-white/10"
          data-testid="motion-div"
          variants="[object Object]"
        >
          <h3
            class="mb-4 text-xl font-bold text-blue-600 dark:text-blue-400"
          >
            Coming Soon
          </h3>
          <p
            class="text-gray-600 dark:text-gray-300"
          >
            The professional journey timeline is currently being updated with a new interactive format. Check back soon to explore my career path in detail.
          </p>
          <div
            class="mt-6"
          >
            <div
              class="inline-block h-1 w-10 rounded-full bg-blue-500"
            />
          </div>
        </div>
      </div>
    </div>
  </section>
</div>
`;
